---
source: src/index/mod.rs
expression: data
input_file: src/index/fixtures/tinyvec-1.5.1.js
---
tinyvec:
  "tinyvec::Array": tinyvec/trait.Array.html
  "tinyvec::Array::CAPACITY": "tinyvec/trait.Array.html#associatedconstant.CAPACITY"
  "tinyvec::Array::Item": "tinyvec/trait.Array.html#associatedtype.Item"
  "tinyvec::Array::as_slice": "tinyvec/trait.Array.html#tymethod.as_slice"
  "tinyvec::Array::as_slice_mut": "tinyvec/trait.Array.html#tymethod.as_slice_mut"
  "tinyvec::Array::default": "tinyvec/trait.Array.html#tymethod.default"
  "tinyvec::ArrayVec": tinyvec/struct.ArrayVec.html
  "tinyvec::ArrayVec::append": "tinyvec/struct.ArrayVec.html#method.append"
  "tinyvec::ArrayVec::as_mut": "tinyvec/struct.ArrayVec.html#method.as_mut"
  "tinyvec::ArrayVec::as_mut_ptr": "tinyvec/struct.ArrayVec.html#method.as_mut_ptr"
  "tinyvec::ArrayVec::as_mut_slice": "tinyvec/struct.ArrayVec.html#method.as_mut_slice"
  "tinyvec::ArrayVec::as_ptr": "tinyvec/struct.ArrayVec.html#method.as_ptr"
  "tinyvec::ArrayVec::as_ref": "tinyvec/struct.ArrayVec.html#method.as_ref"
  "tinyvec::ArrayVec::as_slice": "tinyvec/struct.ArrayVec.html#method.as_slice"
  "tinyvec::ArrayVec::borrow": "tinyvec/struct.ArrayVec.html#method.borrow"
  "tinyvec::ArrayVec::borrow_mut": "tinyvec/struct.ArrayVec.html#method.borrow_mut"
  "tinyvec::ArrayVec::capacity": "tinyvec/struct.ArrayVec.html#method.capacity"
  "tinyvec::ArrayVec::clear": "tinyvec/struct.ArrayVec.html#method.clear"
  "tinyvec::ArrayVec::clone": "tinyvec/struct.ArrayVec.html#method.clone"
  "tinyvec::ArrayVec::clone_from": "tinyvec/struct.ArrayVec.html#method.clone_from"
  "tinyvec::ArrayVec::clone_into": "tinyvec/struct.ArrayVec.html#method.clone_into"
  "tinyvec::ArrayVec::cmp": "tinyvec/struct.ArrayVec.html#method.cmp"
  "tinyvec::ArrayVec::default": "tinyvec/struct.ArrayVec.html#method.default"
  "tinyvec::ArrayVec::deref": "tinyvec/struct.ArrayVec.html#method.deref"
  "tinyvec::ArrayVec::deref_mut": "tinyvec/struct.ArrayVec.html#method.deref_mut"
  "tinyvec::ArrayVec::deserialize": "tinyvec/struct.ArrayVec.html#method.deserialize"
  "tinyvec::ArrayVec::drain": "tinyvec/struct.ArrayVec.html#method.drain"
  "tinyvec::ArrayVec::drain_to_vec": "tinyvec/struct.ArrayVec.html#method.drain_to_vec"
  "tinyvec::ArrayVec::drain_to_vec_and_reserve": "tinyvec/struct.ArrayVec.html#method.drain_to_vec_and_reserve"
  "tinyvec::ArrayVec::eq": "tinyvec/struct.ArrayVec.html#method.eq"
  "tinyvec::ArrayVec::extend": "tinyvec/struct.ArrayVec.html#method.extend"
  "tinyvec::ArrayVec::extend_from_slice": "tinyvec/struct.ArrayVec.html#method.extend_from_slice"
  "tinyvec::ArrayVec::fill": "tinyvec/struct.ArrayVec.html#method.fill"
  "tinyvec::ArrayVec::fmt": "tinyvec/struct.ArrayVec.html#method.fmt"
  "tinyvec::ArrayVec::from": "tinyvec/struct.ArrayVec.html#method.from"
  "tinyvec::ArrayVec::from_array_empty": "tinyvec/struct.ArrayVec.html#method.from_array_empty"
  "tinyvec::ArrayVec::from_array_len": "tinyvec/struct.ArrayVec.html#method.from_array_len"
  "tinyvec::ArrayVec::from_iter": "tinyvec/struct.ArrayVec.html#method.from_iter"
  "tinyvec::ArrayVec::grab_spare_slice": "tinyvec/struct.ArrayVec.html#method.grab_spare_slice"
  "tinyvec::ArrayVec::grab_spare_slice_mut": "tinyvec/struct.ArrayVec.html#method.grab_spare_slice_mut"
  "tinyvec::ArrayVec::hash": "tinyvec/struct.ArrayVec.html#method.hash"
  "tinyvec::ArrayVec::index": "tinyvec/struct.ArrayVec.html#method.index"
  "tinyvec::ArrayVec::index_mut": "tinyvec/struct.ArrayVec.html#method.index_mut"
  "tinyvec::ArrayVec::insert": "tinyvec/struct.ArrayVec.html#method.insert"
  "tinyvec::ArrayVec::into": "tinyvec/struct.ArrayVec.html#method.into"
  "tinyvec::ArrayVec::into_inner": "tinyvec/struct.ArrayVec.html#method.into_inner"
  "tinyvec::ArrayVec::into_iter": "tinyvec/struct.ArrayVec.html#method.into_iter"
  "tinyvec::ArrayVec::is_empty": "tinyvec/struct.ArrayVec.html#method.is_empty"
  "tinyvec::ArrayVec::len": "tinyvec/struct.ArrayVec.html#method.len"
  "tinyvec::ArrayVec::new": "tinyvec/struct.ArrayVec.html#method.new"
  "tinyvec::ArrayVec::partial_cmp": "tinyvec/struct.ArrayVec.html#method.partial_cmp"
  "tinyvec::ArrayVec::pop": "tinyvec/struct.ArrayVec.html#method.pop"
  "tinyvec::ArrayVec::push": "tinyvec/struct.ArrayVec.html#method.push"
  "tinyvec::ArrayVec::remove": "tinyvec/struct.ArrayVec.html#method.remove"
  "tinyvec::ArrayVec::resize": "tinyvec/struct.ArrayVec.html#method.resize"
  "tinyvec::ArrayVec::resize_with": "tinyvec/struct.ArrayVec.html#method.resize_with"
  "tinyvec::ArrayVec::retain": "tinyvec/struct.ArrayVec.html#method.retain"
  "tinyvec::ArrayVec::serialize": "tinyvec/struct.ArrayVec.html#method.serialize"
  "tinyvec::ArrayVec::set_len": "tinyvec/struct.ArrayVec.html#method.set_len"
  "tinyvec::ArrayVec::splice": "tinyvec/struct.ArrayVec.html#method.splice"
  "tinyvec::ArrayVec::split_off": "tinyvec/struct.ArrayVec.html#method.split_off"
  "tinyvec::ArrayVec::swap_remove": "tinyvec/struct.ArrayVec.html#method.swap_remove"
  "tinyvec::ArrayVec::to_owned": "tinyvec/struct.ArrayVec.html#method.to_owned"
  "tinyvec::ArrayVec::to_string": "tinyvec/struct.ArrayVec.html#method.to_string"
  "tinyvec::ArrayVec::truncate": "tinyvec/struct.ArrayVec.html#method.truncate"
  "tinyvec::ArrayVec::try_append": "tinyvec/struct.ArrayVec.html#method.try_append"
  "tinyvec::ArrayVec::try_from": "tinyvec/struct.ArrayVec.html#method.try_from"
  "tinyvec::ArrayVec::try_from_array_len": "tinyvec/struct.ArrayVec.html#method.try_from_array_len"
  "tinyvec::ArrayVec::try_insert": "tinyvec/struct.ArrayVec.html#method.try_insert"
  "tinyvec::ArrayVec::try_into": "tinyvec/struct.ArrayVec.html#method.try_into"
  "tinyvec::ArrayVec::try_push": "tinyvec/struct.ArrayVec.html#method.try_push"
  "tinyvec::ArrayVec::type_id": "tinyvec/struct.ArrayVec.html#method.type_id"
  "tinyvec::ArrayVecDrain": tinyvec/struct.ArrayVecDrain.html
  "tinyvec::ArrayVecDrain::borrow": "tinyvec/struct.ArrayVecDrain.html#method.borrow"
  "tinyvec::ArrayVecDrain::borrow_mut": "tinyvec/struct.ArrayVecDrain.html#method.borrow_mut"
  "tinyvec::ArrayVecDrain::for_each": "tinyvec/struct.ArrayVecDrain.html#method.for_each"
  "tinyvec::ArrayVecDrain::from": "tinyvec/struct.ArrayVecDrain.html#method.from"
  "tinyvec::ArrayVecDrain::into": "tinyvec/struct.ArrayVecDrain.html#method.into"
  "tinyvec::ArrayVecDrain::into_iter": "tinyvec/struct.ArrayVecDrain.html#method.into_iter"
  "tinyvec::ArrayVecDrain::last": "tinyvec/struct.ArrayVecDrain.html#method.last"
  "tinyvec::ArrayVecDrain::next": "tinyvec/struct.ArrayVecDrain.html#method.next"
  "tinyvec::ArrayVecDrain::next_back": "tinyvec/struct.ArrayVecDrain.html#method.next_back"
  "tinyvec::ArrayVecDrain::nth": "tinyvec/struct.ArrayVecDrain.html#method.nth"
  "tinyvec::ArrayVecDrain::nth_back": "tinyvec/struct.ArrayVecDrain.html#method.nth_back"
  "tinyvec::ArrayVecDrain::size_hint": "tinyvec/struct.ArrayVecDrain.html#method.size_hint"
  "tinyvec::ArrayVecDrain::try_from": "tinyvec/struct.ArrayVecDrain.html#method.try_from"
  "tinyvec::ArrayVecDrain::try_into": "tinyvec/struct.ArrayVecDrain.html#method.try_into"
  "tinyvec::ArrayVecDrain::type_id": "tinyvec/struct.ArrayVecDrain.html#method.type_id"
  "tinyvec::ArrayVecIterator": tinyvec/struct.ArrayVecIterator.html
  "tinyvec::ArrayVecIterator::as_slice": "tinyvec/struct.ArrayVecIterator.html#method.as_slice"
  "tinyvec::ArrayVecIterator::borrow": "tinyvec/struct.ArrayVecIterator.html#method.borrow"
  "tinyvec::ArrayVecIterator::borrow_mut": "tinyvec/struct.ArrayVecIterator.html#method.borrow_mut"
  "tinyvec::ArrayVecIterator::count": "tinyvec/struct.ArrayVecIterator.html#method.count"
  "tinyvec::ArrayVecIterator::fmt": "tinyvec/struct.ArrayVecIterator.html#method.fmt"
  "tinyvec::ArrayVecIterator::from": "tinyvec/struct.ArrayVecIterator.html#method.from"
  "tinyvec::ArrayVecIterator::into": "tinyvec/struct.ArrayVecIterator.html#method.into"
  "tinyvec::ArrayVecIterator::into_iter": "tinyvec/struct.ArrayVecIterator.html#method.into_iter"
  "tinyvec::ArrayVecIterator::last": "tinyvec/struct.ArrayVecIterator.html#method.last"
  "tinyvec::ArrayVecIterator::next": "tinyvec/struct.ArrayVecIterator.html#method.next"
  "tinyvec::ArrayVecIterator::next_back": "tinyvec/struct.ArrayVecIterator.html#method.next_back"
  "tinyvec::ArrayVecIterator::nth": "tinyvec/struct.ArrayVecIterator.html#method.nth"
  "tinyvec::ArrayVecIterator::nth_back": "tinyvec/struct.ArrayVecIterator.html#method.nth_back"
  "tinyvec::ArrayVecIterator::size_hint": "tinyvec/struct.ArrayVecIterator.html#method.size_hint"
  "tinyvec::ArrayVecIterator::try_from": "tinyvec/struct.ArrayVecIterator.html#method.try_from"
  "tinyvec::ArrayVecIterator::try_into": "tinyvec/struct.ArrayVecIterator.html#method.try_into"
  "tinyvec::ArrayVecIterator::type_id": "tinyvec/struct.ArrayVecIterator.html#method.type_id"
  "tinyvec::ArrayVecSplice": tinyvec/struct.ArrayVecSplice.html
  "tinyvec::ArrayVecSplice::borrow": "tinyvec/struct.ArrayVecSplice.html#method.borrow"
  "tinyvec::ArrayVecSplice::borrow_mut": "tinyvec/struct.ArrayVecSplice.html#method.borrow_mut"
  "tinyvec::ArrayVecSplice::drop": "tinyvec/struct.ArrayVecSplice.html#method.drop"
  "tinyvec::ArrayVecSplice::from": "tinyvec/struct.ArrayVecSplice.html#method.from"
  "tinyvec::ArrayVecSplice::into": "tinyvec/struct.ArrayVecSplice.html#method.into"
  "tinyvec::ArrayVecSplice::into_iter": "tinyvec/struct.ArrayVecSplice.html#method.into_iter"
  "tinyvec::ArrayVecSplice::len": "tinyvec/struct.ArrayVecSplice.html#method.len"
  "tinyvec::ArrayVecSplice::next": "tinyvec/struct.ArrayVecSplice.html#method.next"
  "tinyvec::ArrayVecSplice::next_back": "tinyvec/struct.ArrayVecSplice.html#method.next_back"
  "tinyvec::ArrayVecSplice::size_hint": "tinyvec/struct.ArrayVecSplice.html#method.size_hint"
  "tinyvec::ArrayVecSplice::try_from": "tinyvec/struct.ArrayVecSplice.html#method.try_from"
  "tinyvec::ArrayVecSplice::try_into": "tinyvec/struct.ArrayVecSplice.html#method.try_into"
  "tinyvec::ArrayVecSplice::type_id": "tinyvec/struct.ArrayVecSplice.html#method.type_id"
  "tinyvec::SliceVec": tinyvec/struct.SliceVec.html
  "tinyvec::SliceVec::append": "tinyvec/struct.SliceVec.html#method.append"
  "tinyvec::SliceVec::as_mut": "tinyvec/struct.SliceVec.html#method.as_mut"
  "tinyvec::SliceVec::as_mut_ptr": "tinyvec/struct.SliceVec.html#method.as_mut_ptr"
  "tinyvec::SliceVec::as_mut_slice": "tinyvec/struct.SliceVec.html#method.as_mut_slice"
  "tinyvec::SliceVec::as_ptr": "tinyvec/struct.SliceVec.html#method.as_ptr"
  "tinyvec::SliceVec::as_ref": "tinyvec/struct.SliceVec.html#method.as_ref"
  "tinyvec::SliceVec::as_slice": "tinyvec/struct.SliceVec.html#method.as_slice"
  "tinyvec::SliceVec::borrow": "tinyvec/struct.SliceVec.html#method.borrow"
  "tinyvec::SliceVec::borrow_mut": "tinyvec/struct.SliceVec.html#method.borrow_mut"
  "tinyvec::SliceVec::capacity": "tinyvec/struct.SliceVec.html#method.capacity"
  "tinyvec::SliceVec::clear": "tinyvec/struct.SliceVec.html#method.clear"
  "tinyvec::SliceVec::cmp": "tinyvec/struct.SliceVec.html#method.cmp"
  "tinyvec::SliceVec::default": "tinyvec/struct.SliceVec.html#method.default"
  "tinyvec::SliceVec::deref": "tinyvec/struct.SliceVec.html#method.deref"
  "tinyvec::SliceVec::deref_mut": "tinyvec/struct.SliceVec.html#method.deref_mut"
  "tinyvec::SliceVec::drain": "tinyvec/struct.SliceVec.html#method.drain"
  "tinyvec::SliceVec::eq": "tinyvec/struct.SliceVec.html#method.eq"
  "tinyvec::SliceVec::extend": "tinyvec/struct.SliceVec.html#method.extend"
  "tinyvec::SliceVec::extend_from_slice": "tinyvec/struct.SliceVec.html#method.extend_from_slice"
  "tinyvec::SliceVec::fill": "tinyvec/struct.SliceVec.html#method.fill"
  "tinyvec::SliceVec::fmt": "tinyvec/struct.SliceVec.html#method.fmt"
  "tinyvec::SliceVec::from": "tinyvec/struct.SliceVec.html#method.from"
  "tinyvec::SliceVec::from_slice_len": "tinyvec/struct.SliceVec.html#method.from_slice_len"
  "tinyvec::SliceVec::grab_spare_slice": "tinyvec/struct.SliceVec.html#method.grab_spare_slice"
  "tinyvec::SliceVec::grab_spare_slice_mut": "tinyvec/struct.SliceVec.html#method.grab_spare_slice_mut"
  "tinyvec::SliceVec::hash": "tinyvec/struct.SliceVec.html#method.hash"
  "tinyvec::SliceVec::index": "tinyvec/struct.SliceVec.html#method.index"
  "tinyvec::SliceVec::index_mut": "tinyvec/struct.SliceVec.html#method.index_mut"
  "tinyvec::SliceVec::insert": "tinyvec/struct.SliceVec.html#method.insert"
  "tinyvec::SliceVec::into": "tinyvec/struct.SliceVec.html#method.into"
  "tinyvec::SliceVec::into_iter": "tinyvec/struct.SliceVec.html#method.into_iter"
  "tinyvec::SliceVec::is_empty": "tinyvec/struct.SliceVec.html#method.is_empty"
  "tinyvec::SliceVec::len": "tinyvec/struct.SliceVec.html#method.len"
  "tinyvec::SliceVec::partial_cmp": "tinyvec/struct.SliceVec.html#method.partial_cmp"
  "tinyvec::SliceVec::pop": "tinyvec/struct.SliceVec.html#method.pop"
  "tinyvec::SliceVec::push": "tinyvec/struct.SliceVec.html#method.push"
  "tinyvec::SliceVec::remove": "tinyvec/struct.SliceVec.html#method.remove"
  "tinyvec::SliceVec::resize": "tinyvec/struct.SliceVec.html#method.resize"
  "tinyvec::SliceVec::resize_with": "tinyvec/struct.SliceVec.html#method.resize_with"
  "tinyvec::SliceVec::retain": "tinyvec/struct.SliceVec.html#method.retain"
  "tinyvec::SliceVec::set_len": "tinyvec/struct.SliceVec.html#method.set_len"
  "tinyvec::SliceVec::split_off": "tinyvec/struct.SliceVec.html#method.split_off"
  "tinyvec::SliceVec::swap_remove": "tinyvec/struct.SliceVec.html#method.swap_remove"
  "tinyvec::SliceVec::to_string": "tinyvec/struct.SliceVec.html#method.to_string"
  "tinyvec::SliceVec::truncate": "tinyvec/struct.SliceVec.html#method.truncate"
  "tinyvec::SliceVec::try_from": "tinyvec/struct.SliceVec.html#method.try_from"
  "tinyvec::SliceVec::try_from_slice_len": "tinyvec/struct.SliceVec.html#method.try_from_slice_len"
  "tinyvec::SliceVec::try_into": "tinyvec/struct.SliceVec.html#method.try_into"
  "tinyvec::SliceVec::type_id": "tinyvec/struct.SliceVec.html#method.type_id"
  "tinyvec::SliceVecDrain": tinyvec/struct.SliceVecDrain.html
  "tinyvec::SliceVecDrain::borrow": "tinyvec/struct.SliceVecDrain.html#method.borrow"
  "tinyvec::SliceVecDrain::borrow_mut": "tinyvec/struct.SliceVecDrain.html#method.borrow_mut"
  "tinyvec::SliceVecDrain::drop": "tinyvec/struct.SliceVecDrain.html#method.drop"
  "tinyvec::SliceVecDrain::from": "tinyvec/struct.SliceVecDrain.html#method.from"
  "tinyvec::SliceVecDrain::into": "tinyvec/struct.SliceVecDrain.html#method.into"
  "tinyvec::SliceVecDrain::into_iter": "tinyvec/struct.SliceVecDrain.html#method.into_iter"
  "tinyvec::SliceVecDrain::next": "tinyvec/struct.SliceVecDrain.html#method.next"
  "tinyvec::SliceVecDrain::try_from": "tinyvec/struct.SliceVecDrain.html#method.try_from"
  "tinyvec::SliceVecDrain::try_into": "tinyvec/struct.SliceVecDrain.html#method.try_into"
  "tinyvec::SliceVecDrain::type_id": "tinyvec/struct.SliceVecDrain.html#method.type_id"
  "tinyvec::TinyVec": tinyvec/enum.TinyVec.html
  "tinyvec::TinyVec::Heap": "tinyvec/enum.TinyVec.html#variant.Heap"
  "tinyvec::TinyVec::Heap::0": "tinyvec/TinyVec/variant.Heap.html#structfield.0"
  "tinyvec::TinyVec::Inline": "tinyvec/enum.TinyVec.html#variant.Inline"
  "tinyvec::TinyVec::Inline::0": "tinyvec/TinyVec/variant.Inline.html#structfield.0"
  "tinyvec::TinyVec::append": "tinyvec/enum.TinyVec.html#method.append"
  "tinyvec::TinyVec::as_mut": "tinyvec/enum.TinyVec.html#method.as_mut"
  "tinyvec::TinyVec::as_mut_ptr": "tinyvec/enum.TinyVec.html#method.as_mut_ptr"
  "tinyvec::TinyVec::as_mut_slice": "tinyvec/enum.TinyVec.html#method.as_mut_slice"
  "tinyvec::TinyVec::as_ptr": "tinyvec/enum.TinyVec.html#method.as_ptr"
  "tinyvec::TinyVec::as_ref": "tinyvec/enum.TinyVec.html#method.as_ref"
  "tinyvec::TinyVec::as_slice": "tinyvec/enum.TinyVec.html#method.as_slice"
  "tinyvec::TinyVec::borrow": "tinyvec/enum.TinyVec.html#method.borrow"
  "tinyvec::TinyVec::borrow_mut": "tinyvec/enum.TinyVec.html#method.borrow_mut"
  "tinyvec::TinyVec::capacity": "tinyvec/enum.TinyVec.html#method.capacity"
  "tinyvec::TinyVec::clear": "tinyvec/enum.TinyVec.html#method.clear"
  "tinyvec::TinyVec::clone": "tinyvec/enum.TinyVec.html#method.clone"
  "tinyvec::TinyVec::clone_from": "tinyvec/enum.TinyVec.html#method.clone_from"
  "tinyvec::TinyVec::clone_into": "tinyvec/enum.TinyVec.html#method.clone_into"
  "tinyvec::TinyVec::cmp": "tinyvec/enum.TinyVec.html#method.cmp"
  "tinyvec::TinyVec::default": "tinyvec/enum.TinyVec.html#method.default"
  "tinyvec::TinyVec::deref": "tinyvec/enum.TinyVec.html#method.deref"
  "tinyvec::TinyVec::deref_mut": "tinyvec/enum.TinyVec.html#method.deref_mut"
  "tinyvec::TinyVec::deserialize": "tinyvec/enum.TinyVec.html#method.deserialize"
  "tinyvec::TinyVec::drain": "tinyvec/enum.TinyVec.html#method.drain"
  "tinyvec::TinyVec::eq": "tinyvec/enum.TinyVec.html#method.eq"
  "tinyvec::TinyVec::extend": "tinyvec/enum.TinyVec.html#method.extend"
  "tinyvec::TinyVec::extend_from_slice": "tinyvec/enum.TinyVec.html#method.extend_from_slice"
  "tinyvec::TinyVec::flush": "tinyvec/enum.TinyVec.html#method.flush"
  "tinyvec::TinyVec::fmt": "tinyvec/enum.TinyVec.html#method.fmt"
  "tinyvec::TinyVec::from": "tinyvec/enum.TinyVec.html#method.from"
  "tinyvec::TinyVec::from_array_len": "tinyvec/enum.TinyVec.html#method.from_array_len"
  "tinyvec::TinyVec::from_iter": "tinyvec/enum.TinyVec.html#method.from_iter"
  "tinyvec::TinyVec::hash": "tinyvec/enum.TinyVec.html#method.hash"
  "tinyvec::TinyVec::index": "tinyvec/enum.TinyVec.html#method.index"
  "tinyvec::TinyVec::index_mut": "tinyvec/enum.TinyVec.html#method.index_mut"
  "tinyvec::TinyVec::insert": "tinyvec/enum.TinyVec.html#method.insert"
  "tinyvec::TinyVec::into": "tinyvec/enum.TinyVec.html#method.into"
  "tinyvec::TinyVec::into_iter": "tinyvec/enum.TinyVec.html#method.into_iter"
  "tinyvec::TinyVec::is_empty": "tinyvec/enum.TinyVec.html#method.is_empty"
  "tinyvec::TinyVec::is_heap": "tinyvec/enum.TinyVec.html#method.is_heap"
  "tinyvec::TinyVec::is_inline": "tinyvec/enum.TinyVec.html#method.is_inline"
  "tinyvec::TinyVec::len": "tinyvec/enum.TinyVec.html#method.len"
  "tinyvec::TinyVec::move_to_the_heap": "tinyvec/enum.TinyVec.html#method.move_to_the_heap"
  "tinyvec::TinyVec::move_to_the_heap_and_reserve": "tinyvec/enum.TinyVec.html#method.move_to_the_heap_and_reserve"
  "tinyvec::TinyVec::new": "tinyvec/enum.TinyVec.html#method.new"
  "tinyvec::TinyVec::partial_cmp": "tinyvec/enum.TinyVec.html#method.partial_cmp"
  "tinyvec::TinyVec::pop": "tinyvec/enum.TinyVec.html#method.pop"
  "tinyvec::TinyVec::push": "tinyvec/enum.TinyVec.html#method.push"
  "tinyvec::TinyVec::remove": "tinyvec/enum.TinyVec.html#method.remove"
  "tinyvec::TinyVec::reserve": "tinyvec/enum.TinyVec.html#method.reserve"
  "tinyvec::TinyVec::reserve_exact": "tinyvec/enum.TinyVec.html#method.reserve_exact"
  "tinyvec::TinyVec::resize": "tinyvec/enum.TinyVec.html#method.resize"
  "tinyvec::TinyVec::resize_with": "tinyvec/enum.TinyVec.html#method.resize_with"
  "tinyvec::TinyVec::retain": "tinyvec/enum.TinyVec.html#method.retain"
  "tinyvec::TinyVec::serialize": "tinyvec/enum.TinyVec.html#method.serialize"
  "tinyvec::TinyVec::shrink_to_fit": "tinyvec/enum.TinyVec.html#method.shrink_to_fit"
  "tinyvec::TinyVec::splice": "tinyvec/enum.TinyVec.html#method.splice"
  "tinyvec::TinyVec::split_off": "tinyvec/enum.TinyVec.html#method.split_off"
  "tinyvec::TinyVec::swap_remove": "tinyvec/enum.TinyVec.html#method.swap_remove"
  "tinyvec::TinyVec::to_owned": "tinyvec/enum.TinyVec.html#method.to_owned"
  "tinyvec::TinyVec::to_string": "tinyvec/enum.TinyVec.html#method.to_string"
  "tinyvec::TinyVec::truncate": "tinyvec/enum.TinyVec.html#method.truncate"
  "tinyvec::TinyVec::try_from": "tinyvec/enum.TinyVec.html#method.try_from"
  "tinyvec::TinyVec::try_from_array_len": "tinyvec/enum.TinyVec.html#method.try_from_array_len"
  "tinyvec::TinyVec::try_into": "tinyvec/enum.TinyVec.html#method.try_into"
  "tinyvec::TinyVec::type_id": "tinyvec/enum.TinyVec.html#method.type_id"
  "tinyvec::TinyVec::with_capacity": "tinyvec/enum.TinyVec.html#method.with_capacity"
  "tinyvec::TinyVec::write": "tinyvec/enum.TinyVec.html#method.write"
  "tinyvec::TinyVecDrain": tinyvec/enum.TinyVecDrain.html
  "tinyvec::TinyVecDrain::Heap": "tinyvec/enum.TinyVecDrain.html#variant.Heap"
  "tinyvec::TinyVecDrain::Heap::0": "tinyvec/TinyVecDrain/variant.Heap.html#structfield.0"
  "tinyvec::TinyVecDrain::Inline": "tinyvec/enum.TinyVecDrain.html#variant.Inline"
  "tinyvec::TinyVecDrain::Inline::0": "tinyvec/TinyVecDrain/variant.Inline.html#structfield.0"
  "tinyvec::TinyVecDrain::borrow": "tinyvec/enum.TinyVecDrain.html#method.borrow"
  "tinyvec::TinyVecDrain::borrow_mut": "tinyvec/enum.TinyVecDrain.html#method.borrow_mut"
  "tinyvec::TinyVecDrain::count": "tinyvec/enum.TinyVecDrain.html#method.count"
  "tinyvec::TinyVecDrain::for_each": "tinyvec/enum.TinyVecDrain.html#method.for_each"
  "tinyvec::TinyVecDrain::from": "tinyvec/enum.TinyVecDrain.html#method.from"
  "tinyvec::TinyVecDrain::into": "tinyvec/enum.TinyVecDrain.html#method.into"
  "tinyvec::TinyVecDrain::into_iter": "tinyvec/enum.TinyVecDrain.html#method.into_iter"
  "tinyvec::TinyVecDrain::last": "tinyvec/enum.TinyVecDrain.html#method.last"
  "tinyvec::TinyVecDrain::next": "tinyvec/enum.TinyVecDrain.html#method.next"
  "tinyvec::TinyVecDrain::next_back": "tinyvec/enum.TinyVecDrain.html#method.next_back"
  "tinyvec::TinyVecDrain::nth": "tinyvec/enum.TinyVecDrain.html#method.nth"
  "tinyvec::TinyVecDrain::nth_back": "tinyvec/enum.TinyVecDrain.html#method.nth_back"
  "tinyvec::TinyVecDrain::size_hint": "tinyvec/enum.TinyVecDrain.html#method.size_hint"
  "tinyvec::TinyVecDrain::try_from": "tinyvec/enum.TinyVecDrain.html#method.try_from"
  "tinyvec::TinyVecDrain::try_into": "tinyvec/enum.TinyVecDrain.html#method.try_into"
  "tinyvec::TinyVecDrain::type_id": "tinyvec/enum.TinyVecDrain.html#method.type_id"
  "tinyvec::TinyVecIterator": tinyvec/enum.TinyVecIterator.html
  "tinyvec::TinyVecIterator::Heap": "tinyvec/enum.TinyVecIterator.html#variant.Heap"
  "tinyvec::TinyVecIterator::Heap::0": "tinyvec/TinyVecIterator/variant.Heap.html#structfield.0"
  "tinyvec::TinyVecIterator::Inline": "tinyvec/enum.TinyVecIterator.html#variant.Inline"
  "tinyvec::TinyVecIterator::Inline::0": "tinyvec/TinyVecIterator/variant.Inline.html#structfield.0"
  "tinyvec::TinyVecIterator::as_slice": "tinyvec/enum.TinyVecIterator.html#method.as_slice"
  "tinyvec::TinyVecIterator::borrow": "tinyvec/enum.TinyVecIterator.html#method.borrow"
  "tinyvec::TinyVecIterator::borrow_mut": "tinyvec/enum.TinyVecIterator.html#method.borrow_mut"
  "tinyvec::TinyVecIterator::count": "tinyvec/enum.TinyVecIterator.html#method.count"
  "tinyvec::TinyVecIterator::fmt": "tinyvec/enum.TinyVecIterator.html#method.fmt"
  "tinyvec::TinyVecIterator::from": "tinyvec/enum.TinyVecIterator.html#method.from"
  "tinyvec::TinyVecIterator::into": "tinyvec/enum.TinyVecIterator.html#method.into"
  "tinyvec::TinyVecIterator::into_iter": "tinyvec/enum.TinyVecIterator.html#method.into_iter"
  "tinyvec::TinyVecIterator::last": "tinyvec/enum.TinyVecIterator.html#method.last"
  "tinyvec::TinyVecIterator::next": "tinyvec/enum.TinyVecIterator.html#method.next"
  "tinyvec::TinyVecIterator::next_back": "tinyvec/enum.TinyVecIterator.html#method.next_back"
  "tinyvec::TinyVecIterator::nth": "tinyvec/enum.TinyVecIterator.html#method.nth"
  "tinyvec::TinyVecIterator::nth_back": "tinyvec/enum.TinyVecIterator.html#method.nth_back"
  "tinyvec::TinyVecIterator::size_hint": "tinyvec/enum.TinyVecIterator.html#method.size_hint"
  "tinyvec::TinyVecIterator::try_from": "tinyvec/enum.TinyVecIterator.html#method.try_from"
  "tinyvec::TinyVecIterator::try_into": "tinyvec/enum.TinyVecIterator.html#method.try_into"
  "tinyvec::TinyVecIterator::type_id": "tinyvec/enum.TinyVecIterator.html#method.type_id"
  "tinyvec::TinyVecSplice": tinyvec/struct.TinyVecSplice.html
  "tinyvec::TinyVecSplice::borrow": "tinyvec/struct.TinyVecSplice.html#method.borrow"
  "tinyvec::TinyVecSplice::borrow_mut": "tinyvec/struct.TinyVecSplice.html#method.borrow_mut"
  "tinyvec::TinyVecSplice::drop": "tinyvec/struct.TinyVecSplice.html#method.drop"
  "tinyvec::TinyVecSplice::from": "tinyvec/struct.TinyVecSplice.html#method.from"
  "tinyvec::TinyVecSplice::into": "tinyvec/struct.TinyVecSplice.html#method.into"
  "tinyvec::TinyVecSplice::into_iter": "tinyvec/struct.TinyVecSplice.html#method.into_iter"
  "tinyvec::TinyVecSplice::len": "tinyvec/struct.TinyVecSplice.html#method.len"
  "tinyvec::TinyVecSplice::next": "tinyvec/struct.TinyVecSplice.html#method.next"
  "tinyvec::TinyVecSplice::next_back": "tinyvec/struct.TinyVecSplice.html#method.next_back"
  "tinyvec::TinyVecSplice::size_hint": "tinyvec/struct.TinyVecSplice.html#method.size_hint"
  "tinyvec::TinyVecSplice::try_from": "tinyvec/struct.TinyVecSplice.html#method.try_from"
  "tinyvec::TinyVecSplice::try_into": "tinyvec/struct.TinyVecSplice.html#method.try_into"
  "tinyvec::TinyVecSplice::type_id": "tinyvec/struct.TinyVecSplice.html#method.type_id"
  "tinyvec::TryFromSliceError": tinyvec/struct.TryFromSliceError.html
  "tinyvec::TryFromSliceError::borrow": "tinyvec/struct.TryFromSliceError.html#method.borrow"
  "tinyvec::TryFromSliceError::borrow_mut": "tinyvec/struct.TryFromSliceError.html#method.borrow_mut"
  "tinyvec::TryFromSliceError::clone": "tinyvec/struct.TryFromSliceError.html#method.clone"
  "tinyvec::TryFromSliceError::clone_into": "tinyvec/struct.TryFromSliceError.html#method.clone_into"
  "tinyvec::TryFromSliceError::fmt": "tinyvec/struct.TryFromSliceError.html#method.fmt"
  "tinyvec::TryFromSliceError::from": "tinyvec/struct.TryFromSliceError.html#method.from"
  "tinyvec::TryFromSliceError::into": "tinyvec/struct.TryFromSliceError.html#method.into"
  "tinyvec::TryFromSliceError::to_owned": "tinyvec/struct.TryFromSliceError.html#method.to_owned"
  "tinyvec::TryFromSliceError::try_from": "tinyvec/struct.TryFromSliceError.html#method.try_from"
  "tinyvec::TryFromSliceError::try_into": "tinyvec/struct.TryFromSliceError.html#method.try_into"
  "tinyvec::TryFromSliceError::type_id": "tinyvec/struct.TryFromSliceError.html#method.type_id"
  "tinyvec::array_vec": tinyvec/macro.array_vec.html
  "tinyvec::tiny_vec": tinyvec/macro.tiny_vec.html

