---
source: src/index/mod.rs
expression: data
input_file: src/index/fixtures/anyhow-1.0.70.js
---
anyhow:
  doc: github crates-io docs-rs
  t:
    - Struct
    - Trait
    - Struct
    - Function
    - Typedef
    - Macro
    - Method
    - Method
    - Method
    - Macro
    - Method
    - Method
    - Method
    - Method
    - Method
    - Method
    - Method
    - TyMethod
    - Method
    - Method
    - Method
    - Method
    - Method
    - Method
    - Method
    - Method
    - Macro
    - Method
    - Method
    - Macro
    - Method
    - Method
    - Method
    - Method
    - Method
    - Method
    - Method
    - Method
    - Method
    - Method
    - Method
    - Method
    - Method
    - Method
    - Method
    - Method
    - Method
    - Method
    - Method
    - Method
    - Method
    - Method
    - Method
    - Method
    - Method
    - TyMethod
  n:
    - Chain
    - Context
    - Error
    - Ok
    - Result
    - anyhow
    - as_ref
    - as_ref
    - backtrace
    - bail
    - borrow
    - borrow
    - borrow_mut
    - borrow_mut
    - chain
    - clone
    - clone_into
    - context
    - context
    - default
    - deref
    - deref_mut
    - downcast
    - downcast_mut
    - downcast_ref
    - drop
    - ensure
    - fmt
    - fmt
    - format_err
    - from
    - from
    - from
    - from
    - into
    - into
    - into_iter
    - is
    - len
    - msg
    - new
    - new
    - next
    - next_back
    - provide
    - root_cause
    - size_hint
    - to_owned
    - to_string
    - try_from
    - try_from
    - try_into
    - try_into
    - type_id
    - type_id
    - with_context
  q:
    0: anyhow
  d:
    - Iterator of a chain of source errors.
    - Provides the <code>context</code> method for <code>Result</code>.
    - "The <code>Error</code> type, a wrapper around a dynamic error type."
    - "Equivalent to Ok::&lt;_, anyhow::Error&gt;(value)."
    - "<code>Result&lt;T, Error&gt;</code>"
    - Construct an ad-hoc error from a string or existing non-…
    - ""
    - ""
    - Get the backtrace for this Error.
    - Return early with an error.
    - ""
    - ""
    - ""
    - ""
    - An iterator of the chain of source errors contained by …
    - ""
    - ""
    - Wrap the error value with additional context.
    - Wrap the error value with additional context.
    - ""
    - ""
    - ""
    - Attempt to downcast the error object to a concrete type.
    - Downcast this error object by mutable reference.
    - Downcast this error object by reference.
    - ""
    - Return early with an error if a condition is not satisfied.
    - ""
    - ""
    - Construct an ad-hoc error from a string or existing non-…
    - Returns the argument unchanged.
    - ""
    - ""
    - Returns the argument unchanged.
    - "Calls <code>U::from(self)</code>."
    - "Calls <code>U::from(self)</code>."
    - ""
    - Returns true if <code>E</code> is the type held by this error object.
    - ""
    - Create a new error object from a printable error message.
    - Create a new error object from any error type.
    - ""
    - ""
    - ""
    - ""
    - The lowest level cause of this error — this error’s …
    - ""
    - ""
    - ""
    - ""
    - ""
    - ""
    - ""
    - ""
    - ""
    - Wrap the error value with additional context that is …
  i:
    - 0
    - 0
    - 0
    - 0
    - 0
    - 0
    - 2
    - 2
    - 2
    - 0
    - 2
    - 5
    - 2
    - 5
    - 2
    - 5
    - 5
    - 21
    - 2
    - 5
    - 2
    - 2
    - 2
    - 2
    - 2
    - 2
    - 0
    - 2
    - 2
    - 0
    - 2
    - 2
    - 2
    - 5
    - 2
    - 5
    - 5
    - 2
    - 5
    - 2
    - 2
    - 5
    - 5
    - 5
    - 2
    - 2
    - 5
    - 5
    - 2
    - 2
    - 5
    - 2
    - 5
    - 2
    - 5
    - 21
  p:
    - - Typedef
      - Result
    - - Struct
      - Error
    - - Trait
      - Error
    - - Struct
      - Backtrace
    - - Struct
      - Chain
    - - Trait
      - Display
    - - Trait
      - Send
    - - Trait
      - Sync
    - - Trait
      - Debug
    - - Enum
      - Result
    - - Enum
      - Option
    - - Struct
      - Formatter
    - - Typedef
      - Result
    - - Primitive
      - never
    - - Primitive
      - bool
    - - Primitive
      - usize
    - - Struct
      - Demand
    - - Struct
      - String
    - - Struct
      - TypeId
    - - Trait
      - FnOnce
    - - Trait
      - Context

